@!@!@STARTMSG 2262:0 @!@!@
TLC2 Version 2.19 of 08 August 2024 (rev: 5a47802)
@!@!@ENDMSG 2262 @!@!@
@!@!@STARTMSG 2187:0 @!@!@
Running breadth-first search Model-Checking with fp 117 and seed -6886661822242819614 with 8 workers on 16 cores with 1129MB heap and 2537MB offheap memory [pid: 42186] (Linux 6.11.0-25-generic amd64, AdoptOpenJDK 14.0.1 x86_64, OffHeapDiskFPSet, DiskStateQueue).
@!@!@ENDMSG 2187 @!@!@
@!@!@STARTMSG 2220:0 @!@!@
Starting SANY...
@!@!@ENDMSG 2220 @!@!@
Parsing file /home/jabin/Desktop/2nd_semester/tla+/project_first_task/raft.tla/raftModelPerf_1.toolbox/Model_1/MC.tla
Parsing file /home/jabin/Desktop/2nd_semester/tla+/project_first_task/raft.tla/raftModelPerf_1.toolbox/Model_1/raftModelPerf.tla
Parsing file /home/jabin/Desktop/2nd_semester/tla+/TLAToolbox-1.7.4-linux.gtk (2).x86_64/toolbox/plugins/org.lamport.tlatools_1.0.0.202408081326/tla2sany/StandardModules/TLC.tla
Parsing file /home/jabin/Desktop/2nd_semester/tla+/project_first_task/raft.tla/raftModelPerf_1.toolbox/Model_1/raftSpec.tla
Parsing file /home/jabin/Desktop/2nd_semester/tla+/project_first_task/raft.tla/raftModelPerf_1.toolbox/Model_1/raftActionsSolution.tla
Parsing file /home/jabin/Desktop/2nd_semester/tla+/project_first_task/raft.tla/raftModelPerf_1.toolbox/Model_1/raftInit.tla
Parsing file /home/jabin/Desktop/2nd_semester/tla+/project_first_task/raft.tla/raftModelPerf_1.toolbox/Model_1/raftHelpers.tla
Parsing file /home/jabin/Desktop/2nd_semester/tla+/project_first_task/raft.tla/raftModelPerf_1.toolbox/Model_1/raftVariables.tla
Parsing file /home/jabin/Desktop/2nd_semester/tla+/project_first_task/raft.tla/raftModelPerf_1.toolbox/Model_1/raftConstants.tla
Parsing file /home/jabin/Desktop/2nd_semester/tla+/TLAToolbox-1.7.4-linux.gtk (2).x86_64/toolbox/plugins/org.lamport.tlatools_1.0.0.202408081326/tla2sany/StandardModules/Naturals.tla
Parsing file /home/jabin/Desktop/2nd_semester/tla+/TLAToolbox-1.7.4-linux.gtk (2).x86_64/toolbox/plugins/org.lamport.tlatools_1.0.0.202408081326/tla2sany/StandardModules/FiniteSets.tla
Parsing file /home/jabin/Desktop/2nd_semester/tla+/TLAToolbox-1.7.4-linux.gtk (2).x86_64/toolbox/plugins/org.lamport.tlatools_1.0.0.202408081326/tla2sany/StandardModules/Sequences.tla
Semantic processing of module Naturals
Semantic processing of module Sequences
Semantic processing of module FiniteSets
Semantic processing of module TLC
Semantic processing of module raftConstants
Semantic processing of module raftVariables
Semantic processing of module raftHelpers
Semantic processing of module raftInit
Semantic processing of module raftActionsSolution
Semantic processing of module raftSpec
Semantic processing of module raftModelPerf
Semantic processing of module MC
@!@!@STARTMSG 2219:0 @!@!@
SANY finished.
@!@!@ENDMSG 2219 @!@!@
@!@!@STARTMSG 2185:0 @!@!@
Starting... (2025-05-12 10:39:28)
@!@!@ENDMSG 2185 @!@!@
@!@!@STARTMSG 2189:0 @!@!@
Computing initial states...
@!@!@ENDMSG 2189 @!@!@
@!@!@STARTMSG 2190:0 @!@!@
Finished computing initial states: 1 distinct state generated at 2025-05-12 10:39:29.
@!@!@ENDMSG 2190 @!@!@
@!@!@STARTMSG 2266:1 @!@!@
The second argument of < should be an integer, but instead it is:
MaxClientRequests
@!@!@ENDMSG 2266 @!@!@
@!@!@STARTMSG 2121:1 @!@!@
The behavior up to this point is:
@!@!@ENDMSG 2121 @!@!@
@!@!@STARTMSG 2217:4 @!@!@
1: <Initial predicate>
/\ messages = << >>
/\ matchIndex = ( r1 :> (r1 :> 0 @@ r2 :> 0 @@ r3 :> 0 @@ r4 :> 0) @@
  r2 :> (r1 :> 0 @@ r2 :> 0 @@ r3 :> 0 @@ r4 :> 0) @@
  r3 :> (r1 :> 0 @@ r2 :> 0 @@ r3 :> 0 @@ r4 :> 0) @@
  r4 :> (r1 :> 0 @@ r2 :> 0 @@ r3 :> 0 @@ r4 :> 0) )
/\ log = (r1 :> <<>> @@ r2 :> <<>> @@ r3 :> <<>> @@ r4 :> <<>>)
/\ switchToServerSentRecord = (r1 :> {} @@ r2 :> {} @@ r3 :> {} @@ r4 :> {})
/\ state = (r1 :> Switch @@ r2 :> Leader @@ r3 :> Follower @@ r4 :> Follower)
/\ Servers = {r2, r3, r4}
/\ leaderCount = (r1 :> 0 @@ r2 :> 1 @@ r3 :> 0 @@ r4 :> 0)
/\ entryCommitStats = << >>
/\ commitIndex = (r1 :> 0 @@ r2 :> 0 @@ r3 :> 0 @@ r4 :> 0)
/\ currentTerm = (r1 :> 2 @@ r2 :> 2 @@ r3 :> 2 @@ r4 :> 2)
/\ votesResponded = (r1 :> {} @@ r2 :> {r1, r2} @@ r3 :> {} @@ r4 :> {})
/\ switchIndex = r1
/\ maxc = 0
/\ nextIndex = ( r1 :> (r1 :> 1 @@ r2 :> 1 @@ r3 :> 1 @@ r4 :> 1) @@
  r2 :> (r1 :> 1 @@ r2 :> 1 @@ r3 :> 1 @@ r4 :> 1) @@
  r3 :> (r1 :> 1 @@ r2 :> 1 @@ r3 :> 1 @@ r4 :> 1) @@
  r4 :> (r1 :> 1 @@ r2 :> 1 @@ r3 :> 1 @@ r4 :> 1) )
/\ votesGranted = (r1 :> {} @@ r2 :> {r1, r2} @@ r3 :> {} @@ r4 :> {})
/\ switchBuffer = << >>
/\ voterLog = (r1 :> <<>> @@ r2 :> (r1 :> <<>> @@ r2 :> <<>>) @@ r3 :> <<>> @@ r4 :> <<>>)
/\ votedFor = (r1 :> r2 @@ r2 :> Nil @@ r3 :> r2 @@ r4 :> r2)
/\ unorderedClientRequestss = (r1 :> {} @@ r2 :> {} @@ r3 :> {} @@ r4 :> {})

@!@!@ENDMSG 2217 @!@!@
@!@!@STARTMSG 2103:1 @!@!@
The error occurred when TLC was evaluating the nested
expressions at the following positions:
0. Line 62, column 6 to line 62, column 96 in raftSpec
1. Line 62, column 38 to line 62, column 96 in raftSpec
2. Line 62, column 38 to line 62, column 54 in raftSpec
3. Line 62, column 59 to line 62, column 96 in raftSpec
4. Line 149, column 5 to line 160, column 167 in raftActionsSolution
5. Line 149, column 8 to line 149, column 31 in raftActionsSolution


@!@!@ENDMSG 2103 @!@!@
@!@!@STARTMSG 2201:0 @!@!@
The coverage statistics at 2025-05-12 10:39:29
@!@!@ENDMSG 2201 @!@!@
@!@!@STARTMSG 2773:0 @!@!@
<MyNewInit line 51, col 1 to line 51, col 9 of module raftInit>: 1:1
@!@!@ENDMSG 2773 @!@!@
@!@!@STARTMSG 2221:0 @!@!@
  line 65, col 18 to line 65, col 27 of module raftInit: 1
@!@!@ENDMSG 2221 @!@!@
@!@!@STARTMSG 2221:0 @!@!@
  |line 54, col 23 to line 54, col 48 of module raftInit: 1
@!@!@ENDMSG 2221 @!@!@
@!@!@STARTMSG 2221:0 @!@!@
  ||line 54, col 23 to line 54, col 32 of module raftInit: 1
@!@!@ENDMSG 2221 @!@!@
@!@!@STARTMSG 2221:0 @!@!@
  |||line 52, col 23 to line 52, col 70 of module raftInit: 1
@!@!@ENDMSG 2221 @!@!@
@!@!@STARTMSG 2221:0 @!@!@
  ||||line 52, col 53 to line 52, col 70 of module raftInit: 16
@!@!@ENDMSG 2221 @!@!@
@!@!@STARTMSG 2775:0 @!@!@
  ||||line 52, col 36 to line 52, col 49 of module raftInit: 1:6
@!@!@ENDMSG 2775 @!@!@
@!@!@STARTMSG 2221:0 @!@!@
  ||line 54, col 36 to line 54, col 48 of module raftInit: 1
@!@!@ENDMSG 2221 @!@!@
@!@!@STARTMSG 2221:0 @!@!@
  |||line 54, col 37 to line 54, col 47 of module raftInit: 1
@!@!@ENDMSG 2221 @!@!@
@!@!@STARTMSG 2221:0 @!@!@
  ||||line 53, col 24 to line 53, col 53 of module raftInit: 1
@!@!@ENDMSG 2221 @!@!@
@!@!@STARTMSG 2221:0 @!@!@
  |||||line 53, col 50 to line 53, col 53 of module raftInit: 1
@!@!@ENDMSG 2221 @!@!@
@!@!@STARTMSG 2221:0 @!@!@
  |||||line 53, col 37 to line 53, col 46 of module raftInit: 1
@!@!@ENDMSG 2221 @!@!@
@!@!@STARTMSG 2221:0 @!@!@
  ||||||line 52, col 23 to line 52, col 70 of module raftInit: 1
@!@!@ENDMSG 2221 @!@!@
@!@!@STARTMSG 2221:0 @!@!@
  |||||||line 52, col 53 to line 52, col 70 of module raftInit: 16
@!@!@ENDMSG 2221 @!@!@
@!@!@STARTMSG 2775:0 @!@!@
  |||||||line 52, col 36 to line 52, col 49 of module raftInit: 1:1
@!@!@ENDMSG 2775 @!@!@
@!@!@STARTMSG 2221:0 @!@!@
  line 66, col 8 to line 66, col 41 of module raftInit: 1
@!@!@ENDMSG 2221 @!@!@
@!@!@STARTMSG 2221:0 @!@!@
  line 67, col 8 to line 67, col 41 of module raftInit: 1
@!@!@ENDMSG 2221 @!@!@
@!@!@STARTMSG 2221:0 @!@!@
  line 68, col 8 to line 68, col 63 of module raftInit: 1
@!@!@ENDMSG 2221 @!@!@
@!@!@STARTMSG 2221:0 @!@!@
  line 69, col 8 to line 69, col 36 of module raftInit: 1
@!@!@ENDMSG 2221 @!@!@
@!@!@STARTMSG 2221:0 @!@!@
  line 70, col 8 to line 70, col 59 of module raftInit: 1
@!@!@ENDMSG 2221 @!@!@
@!@!@STARTMSG 2221:0 @!@!@
  line 72, col 8 to line 72, col 34 of module raftInit: 1
@!@!@ENDMSG 2221 @!@!@
@!@!@STARTMSG 2221:0 @!@!@
  line 73, col 8 to line 73, col 58 of module raftInit: 1
@!@!@ENDMSG 2221 @!@!@
@!@!@STARTMSG 2221:0 @!@!@
  line 74, col 8 to line 74, col 105 of module raftInit: 1
@!@!@ENDMSG 2221 @!@!@
@!@!@STARTMSG 2221:0 @!@!@
  line 75, col 8 to line 75, col 79 of module raftInit: 1
@!@!@ENDMSG 2221 @!@!@
@!@!@STARTMSG 2221:0 @!@!@
  line 76, col 22 to line 76, col 32 of module raftInit: 1
@!@!@ENDMSG 2221 @!@!@
@!@!@STARTMSG 2221:0 @!@!@
  |line 53, col 24 to line 53, col 53 of module raftInit: 1
@!@!@ENDMSG 2221 @!@!@
@!@!@STARTMSG 2221:0 @!@!@
  ||line 53, col 50 to line 53, col 53 of module raftInit: 1
@!@!@ENDMSG 2221 @!@!@
@!@!@STARTMSG 2221:0 @!@!@
  ||line 53, col 37 to line 53, col 46 of module raftInit: 1
@!@!@ENDMSG 2221 @!@!@
@!@!@STARTMSG 2221:0 @!@!@
  |||line 52, col 23 to line 52, col 70 of module raftInit: 1
@!@!@ENDMSG 2221 @!@!@
@!@!@STARTMSG 2221:0 @!@!@
  ||||line 52, col 53 to line 52, col 70 of module raftInit: 16
@!@!@ENDMSG 2221 @!@!@
@!@!@STARTMSG 2775:0 @!@!@
  ||||line 52, col 36 to line 52, col 49 of module raftInit: 1:1
@!@!@ENDMSG 2775 @!@!@
@!@!@STARTMSG 2221:0 @!@!@
  line 77, col 8 to line 77, col 47 of module raftInit: 1
@!@!@ENDMSG 2221 @!@!@
@!@!@STARTMSG 2221:0 @!@!@
  line 78, col 8 to line 78, col 48 of module raftInit: 1
@!@!@ENDMSG 2221 @!@!@
@!@!@STARTMSG 2221:0 @!@!@
  line 79, col 8 to line 79, col 63 of module raftInit: 1
@!@!@ENDMSG 2221 @!@!@
@!@!@STARTMSG 2221:0 @!@!@
  line 80, col 8 to line 80, col 102 of module raftInit: 1
@!@!@ENDMSG 2221 @!@!@
@!@!@STARTMSG 2221:0 @!@!@
  line 81, col 8 to line 81, col 76 of module raftInit: 1
@!@!@ENDMSG 2221 @!@!@
@!@!@STARTMSG 2221:0 @!@!@
  line 82, col 8 to line 82, col 78 of module raftInit: 1
@!@!@ENDMSG 2221 @!@!@
@!@!@STARTMSG 2221:0 @!@!@
  line 83, col 8 to line 83, col 106 of module raftInit: 1
@!@!@ENDMSG 2221 @!@!@
@!@!@STARTMSG 2772:0 @!@!@
<MySwitchNext line 61, col 1 to line 61, col 12 of module raftSpec (62 6 62 96)>: 0:0
@!@!@ENDMSG 2772 @!@!@
@!@!@STARTMSG 2221:0 @!@!@
  line 62, col 38 to line 62, col 54 of module raftSpec: 2
@!@!@ENDMSG 2221 @!@!@
@!@!@STARTMSG 2221:0 @!@!@
  line 149, col 8 to line 149, col 31 of module raftActionsSolution: 2
@!@!@ENDMSG 2221 @!@!@
@!@!@STARTMSG 2221:0 @!@!@
  line 155, col 12 to line 157, col 63 of module raftActionsSolution: 0
@!@!@ENDMSG 2221 @!@!@
@!@!@STARTMSG 2221:0 @!@!@
  line 158, col 12 to line 158, col 57 of module raftActionsSolution: 0
@!@!@ENDMSG 2221 @!@!@
@!@!@STARTMSG 2221:0 @!@!@
  line 160, col 8 to line 160, col 167 of module raftActionsSolution: 0
@!@!@ENDMSG 2221 @!@!@
@!@!@STARTMSG 2221:0 @!@!@
  line 62, col 15 to line 62, col 21 of module raftSpec: 2
@!@!@ENDMSG 2221 @!@!@
@!@!@STARTMSG 2221:0 @!@!@
  line 62, col 30 to line 62, col 34 of module raftSpec: 2
@!@!@ENDMSG 2221 @!@!@
@!@!@STARTMSG 2772:0 @!@!@
<MySwitchNext line 61, col 1 to line 61, col 12 of module raftSpec (63 6 63 98)>: 0:0
@!@!@ENDMSG 2772 @!@!@
@!@!@STARTMSG 2221:0 @!@!@
  line 168, col 14 to line 168, col 78 of module raftActionsSolution: 0
@!@!@ENDMSG 2221 @!@!@
@!@!@STARTMSG 2221:0 @!@!@
  line 169, col 14 to line 169, col 88 of module raftActionsSolution: 0
@!@!@ENDMSG 2221 @!@!@
@!@!@STARTMSG 2221:0 @!@!@
  line 171, col 8 to line 171, col 150 of module raftActionsSolution: 0
@!@!@ENDMSG 2221 @!@!@
@!@!@STARTMSG 2772:0 @!@!@
<MySwitchNext line 61, col 1 to line 61, col 12 of module raftSpec (64 6 64 107)>: 0:0
@!@!@ENDMSG 2772 @!@!@
@!@!@STARTMSG 2221:0 @!@!@
  line 185, col 12 to line 185, col 50 of module raftActionsSolution: 0
@!@!@ENDMSG 2221 @!@!@
@!@!@STARTMSG 2221:0 @!@!@
  line 186, col 12 to line 186, col 124 of module raftActionsSolution: 0
@!@!@ENDMSG 2221 @!@!@
@!@!@STARTMSG 2221:0 @!@!@
  line 187, col 12 to line 187, col 73 of module raftActionsSolution: 0
@!@!@ENDMSG 2221 @!@!@
@!@!@STARTMSG 2221:0 @!@!@
  line 189, col 8 to line 189, col 154 of module raftActionsSolution: 0
@!@!@ENDMSG 2221 @!@!@
@!@!@STARTMSG 2772:0 @!@!@
<MySwitchNext line 61, col 1 to line 61, col 12 of module raftSpec (65 6 65 45)>: 0:0
@!@!@ENDMSG 2772 @!@!@
@!@!@STARTMSG 2221:0 @!@!@
  line 455, col 14 to line 455, col 70 of module raftActionsSolution: 0
@!@!@ENDMSG 2221 @!@!@
@!@!@STARTMSG 2221:0 @!@!@
  line 457, col 14 to line 461, col 47 of module raftActionsSolution: 0
@!@!@ENDMSG 2221 @!@!@
@!@!@STARTMSG 2221:0 @!@!@
  line 462, col 8 to line 462, col 117 of module raftActionsSolution: 0
@!@!@ENDMSG 2221 @!@!@
@!@!@STARTMSG 2772:0 @!@!@
<MySwitchNext line 61, col 1 to line 61, col 12 of module raftSpec (66 6 66 55)>: 0:0
@!@!@ENDMSG 2772 @!@!@
@!@!@STARTMSG 2221:0 @!@!@
  line 26, col 12 to line 26, col 47 of module raftHelpers: 0
@!@!@ENDMSG 2221 @!@!@
@!@!@STARTMSG 2221:0 @!@!@
  line 225, col 11 to line 228, col 33 of module raftActionsSolution: 0
@!@!@ENDMSG 2221 @!@!@
@!@!@STARTMSG 2221:0 @!@!@
  line 229, col 8 to line 229, col 111 of module raftActionsSolution: 0
@!@!@ENDMSG 2221 @!@!@
@!@!@STARTMSG 2772:0 @!@!@
<MySwitchNext line 61, col 1 to line 61, col 12 of module raftSpec (67 6 67 121)>: 0:0
@!@!@ENDMSG 2772 @!@!@
@!@!@STARTMSG 2221:0 @!@!@
  line 56, col 8 to line 56, col 60 of module raftActionsSolution: 0
@!@!@ENDMSG 2221 @!@!@
@!@!@STARTMSG 2221:0 @!@!@
  line 57, col 8 to line 57, col 61 of module raftActionsSolution: 0
@!@!@ENDMSG 2221 @!@!@
@!@!@STARTMSG 2221:0 @!@!@
  line 58, col 8 to line 58, col 56 of module raftActionsSolution: 0
@!@!@ENDMSG 2221 @!@!@
@!@!@STARTMSG 2221:0 @!@!@
  line 60, col 8 to line 60, col 86 of module raftActionsSolution: 0
@!@!@ENDMSG 2221 @!@!@
@!@!@STARTMSG 2221:0 @!@!@
  line 88, col 24 to line 88, col 61 of module raftActionsSolution: 0
@!@!@ENDMSG 2221 @!@!@
@!@!@STARTMSG 2221:0 @!@!@
  line 89, col 24 to line 89, col 41 of module raftActionsSolution: 0
@!@!@ENDMSG 2221 @!@!@
@!@!@STARTMSG 2221:0 @!@!@
  line 35, col 5 to line 35, col 72 of module raftHelpers: 0
@!@!@ENDMSG 2221 @!@!@
@!@!@STARTMSG 2221:0 @!@!@
  line 99, col 11 to line 99, col 99 of module raftActionsSolution: 0
@!@!@ENDMSG 2221 @!@!@
@!@!@STARTMSG 2221:0 @!@!@
  line 30, col 15 to line 30, col 53 of module raftHelpers: 0
@!@!@ENDMSG 2221 @!@!@
@!@!@STARTMSG 2221:0 @!@!@
  line 123, col 8 to line 123, col 88 of module raftActionsSolution: 0
@!@!@ENDMSG 2221 @!@!@
@!@!@STARTMSG 2221:0 @!@!@
  line 107, col 8 to line 108, col 57 of module raftActionsSolution: 0
@!@!@ENDMSG 2221 @!@!@
@!@!@STARTMSG 2221:0 @!@!@
  line 110, col 14 to line 111, col 59 of module raftActionsSolution: 0
@!@!@ENDMSG 2221 @!@!@
@!@!@STARTMSG 2221:0 @!@!@
  line 112, col 14 to line 113, col 59 of module raftActionsSolution: 0
@!@!@ENDMSG 2221 @!@!@
@!@!@STARTMSG 2221:0 @!@!@
  line 115, col 14 to line 115, col 49 of module raftActionsSolution: 0
@!@!@ENDMSG 2221 @!@!@
@!@!@STARTMSG 2221:0 @!@!@
  line 30, col 15 to line 30, col 53 of module raftHelpers: 0
@!@!@ENDMSG 2221 @!@!@
@!@!@STARTMSG 2221:0 @!@!@
  line 117, col 8 to line 117, col 83 of module raftActionsSolution: 0
@!@!@ENDMSG 2221 @!@!@
@!@!@STARTMSG 2221:0 @!@!@
  line 35, col 5 to line 35, col 72 of module raftHelpers: 0
@!@!@ENDMSG 2221 @!@!@
@!@!@STARTMSG 2221:0 @!@!@
  line 268, col 17 to line 268, col 68 of module raftActionsSolution: 0
@!@!@ENDMSG 2221 @!@!@
@!@!@STARTMSG 2221:0 @!@!@
  line 272, col 17 to line 272, col 55 of module raftActionsSolution: 0
@!@!@ENDMSG 2221 @!@!@
@!@!@STARTMSG 2221:0 @!@!@
  line 273, col 17 to line 273, col 89 of module raftActionsSolution: 0
@!@!@ENDMSG 2221 @!@!@
@!@!@STARTMSG 2221:0 @!@!@
  line 287, col 27 to line 288, col 61 of module raftActionsSolution: 0
@!@!@ENDMSG 2221 @!@!@
@!@!@STARTMSG 2221:0 @!@!@
  line 35, col 5 to line 35, col 72 of module raftHelpers: 0
@!@!@ENDMSG 2221 @!@!@
@!@!@STARTMSG 2221:0 @!@!@
  line 302, col 27 to line 302, col 74 of module raftActionsSolution: 0
@!@!@ENDMSG 2221 @!@!@
@!@!@STARTMSG 2221:0 @!@!@
  line 309, col 30 to line 309, col 62 of module raftActionsSolution: 0
@!@!@ENDMSG 2221 @!@!@
@!@!@STARTMSG 2221:0 @!@!@
  line 313, col 27 to line 313, col 92 of module raftActionsSolution: 0
@!@!@ENDMSG 2221 @!@!@
@!@!@STARTMSG 2221:0 @!@!@
  line 325, col 33 to line 325, col 90 of module raftActionsSolution: 0
@!@!@ENDMSG 2221 @!@!@
@!@!@STARTMSG 2221:0 @!@!@
  line 326, col 33 to line 326, col 112 of module raftActionsSolution: 0
@!@!@ENDMSG 2221 @!@!@
@!@!@STARTMSG 2221:0 @!@!@
  line 329, col 27 to line 329, col 73 of module raftActionsSolution: 0
@!@!@ENDMSG 2221 @!@!@
@!@!@STARTMSG 2221:0 @!@!@
  line 330, col 11 to line 330, col 124 of module raftActionsSolution: 0
@!@!@ENDMSG 2221 @!@!@
@!@!@STARTMSG 2221:0 @!@!@
  line 30, col 15 to line 30, col 53 of module raftHelpers: 0
@!@!@ENDMSG 2221 @!@!@
@!@!@STARTMSG 2221:0 @!@!@
  line 123, col 8 to line 123, col 88 of module raftActionsSolution: 0
@!@!@ENDMSG 2221 @!@!@
@!@!@STARTMSG 2221:0 @!@!@
  line 415, col 20 to line 415, col 80 of module raftActionsSolution: 0
@!@!@ENDMSG 2221 @!@!@
@!@!@STARTMSG 2221:0 @!@!@
  line 416, col 20 to line 416, col 76 of module raftActionsSolution: 0
@!@!@ENDMSG 2221 @!@!@
@!@!@STARTMSG 2221:0 @!@!@
  line 418, col 20 to line 423, col 42 of module raftActionsSolution: 0
@!@!@ENDMSG 2221 @!@!@
@!@!@STARTMSG 2221:0 @!@!@
  line 425, col 14 to line 426, col 61 of module raftActionsSolution: 0
@!@!@ENDMSG 2221 @!@!@
@!@!@STARTMSG 2221:0 @!@!@
  line 427, col 14 to line 427, col 55 of module raftActionsSolution: 0
@!@!@ENDMSG 2221 @!@!@
@!@!@STARTMSG 2221:0 @!@!@
  line 30, col 15 to line 30, col 53 of module raftHelpers: 0
@!@!@ENDMSG 2221 @!@!@
@!@!@STARTMSG 2221:0 @!@!@
  line 429, col 8 to line 429, col 99 of module raftActionsSolution: 0
@!@!@ENDMSG 2221 @!@!@
@!@!@STARTMSG 2774:0 @!@!@
<LeaderCommitted line 42, col 1 to line 42, col 15 of module raftModelPerf>
@!@!@ENDMSG 2774 @!@!@
@!@!@STARTMSG 2221:0 @!@!@
  line 43, col 5 to line 43, col 42 of module raftModelPerf: 1
@!@!@ENDMSG 2221 @!@!@
@!@!@STARTMSG 2202:0 @!@!@
End of statistics.
@!@!@ENDMSG 2202 @!@!@
@!@!@STARTMSG 2200:0 @!@!@
Progress(1) at 2025-05-12 10:39:29: 1 states generated (37 s/min), 1 distinct states found (37 ds/min), 0 states left on queue.
@!@!@ENDMSG 2200 @!@!@
@!@!@STARTMSG 2199:0 @!@!@
1 states generated, 1 distinct states found, 0 states left on queue.
@!@!@ENDMSG 2199 @!@!@
@!@!@STARTMSG 2186:0 @!@!@
Finished in 1614ms at (2025-05-12 10:39:29)
@!@!@ENDMSG 2186 @!@!@
